******************************************************************************
                  TI ARM Linker PC v20.2.7                     
******************************************************************************
>> Linked Mon Oct 30 00:02:06 2023

OUTPUT FILE NAME:   <Lab8ED2.out>
ENTRY POINT SYMBOL: "_c_int00_noinit_noargs"  address: 0000086d


MEMORY CONFIGURATION

         name            origin    length      used     unused   attr    fill
----------------------  --------  ---------  --------  --------  ----  --------
  FLASH                 00000000   00040000  00000afc  0003f504  R  X
  SRAM                  20000000   00008000  00000200  00007e00  RW X


SEGMENT ALLOCATION MAP

run origin  load origin   length   init length attrs members
----------  ----------- ---------- ----------- ----- -------
00000000    00000000    00000afc   00000afc    r-x
  00000000    00000000    0000026c   0000026c    r-- .intvecs
  0000026c    0000026c    00000724   00000724    r-x .text
  00000990    00000990    0000016c   0000016c    r-- .const
20000000    20000000    00000200   00000000    rw-
  20000000    20000000    00000200   00000000    rw- .stack


SECTION ALLOCATION MAP

 output                                  attributes/
section   page    origin      length       input sections
--------  ----  ----------  ----------   ----------------
.intvecs   0    00000000    0000026c     
                  00000000    0000026c     tm4c1237h6pm_startup_ccs.obj (.intvecs)

.text      0    0000026c    00000724     
                  0000026c    00000132     driverlib.lib : gpio.obj (.text:GPIOPadConfigSet)
                  0000039e    00000002     --HOLE-- [fill = 0]
                  000003a0    00000110                   : sysctl.obj (.text:SysCtlClockGet)
                  000004b0    00000104     main.obj (.text)
                  000005b4    000000f4     driverlib.lib : sysctl.obj (.text:SysCtlClockSet)
                  000006a8    00000068                   : interrupt.obj (.text:IntEnable)
                  00000710    00000060                   : timer.obj (.text:TimerConfigure)
                  00000770    00000048                   : gpio.obj (.text:GPIOPinConfigure)
                  000007b8    00000046                   : uart.obj (.text:UARTConfigSetExpClk)
                  000007fe    00000002     --HOLE-- [fill = 0]
                  00000800    00000038                   : sysctl.obj (.text:SysCtlPeripheralReady)
                  00000838    00000034                   : sysctl.obj (.text:SysCtlPeripheralEnable)
                  0000086c    0000002c     rtsv7M4_T_le_v4SPD16_eabi.lib : boot_cortex_m.c.obj (.text:_c_int00_noinit_noargs:_c_int00_noinit_noargs)
                  00000898    0000002a     driverlib.lib : gpio.obj (.text:GPIODirModeSet)
                  000008c2    00000002     --HOLE-- [fill = 0]
                  000008c4    00000020                   : uart.obj (.text:UARTDisable)
                  000008e4    00000018                   : gpio.obj (.text:GPIOPinTypeGPIOOutput)
                  000008fc    00000014                   : uart.obj (.text:UARTEnable)
                  00000910    00000012                   : gpio.obj (.text:GPIOPinTypeUART)
                  00000922    00000012                   : timer.obj (.text:TimerLoadSet)
                  00000934    00000010                   : interrupt.obj (.text:IntMasterEnable)
                  00000944    0000000e                   : timer.obj (.text:TimerEnable)
                  00000952    0000000c                   : cpu.obj (.text:CPUcpsie)
                  0000095e    0000000c     tm4c1237h6pm_startup_ccs.obj (.text)
                  0000096a    00000008     driverlib.lib : timer.obj (.text:TimerIntEnable)
                  00000972    00000006                   : gpio.obj (.text:GPIOPinRead)
                  00000978    00000006                   : gpio.obj (.text:GPIOPinWrite)
                  0000097e    00000006                   : sysctl.obj (.text:SysCtlDelay)
                  00000984    00000004                   : timer.obj (.text:TimerIntClear)
                  00000988    00000004     rtsv7M4_T_le_v4SPD16_eabi.lib : pre_init.c.obj (.text:_system_pre_init)
                  0000098c    00000004                                   : exit.c.obj (.text:abort:abort)

.const     0    00000990    0000016c     
                  00000990    00000090     driverlib.lib : gpio.obj (.const:g_pui32GPIOBaseAddrs)
                  00000a20    00000070                   : interrupt.obj (.const)
                  00000a90    0000006c                   : sysctl.obj (.const:g_pui32Xtals)

.cinit     0    00000000    00000000     UNINITIALIZED

.init_array 
*          0    00000000    00000000     UNINITIALIZED

.stack     0    20000000    00000200     UNINITIALIZED
                  20000000    00000004     rtsv7M4_T_le_v4SPD16_eabi.lib : boot_cortex_m.c.obj (.stack)
                  20000004    000001fc     --HOLE--

__llvm_prf_cnts 
*          0    20000000    00000000     UNINITIALIZED

MODULE SUMMARY

       Module                         code   ro data   rw data
       ------                         ----   -------   -------
    .\
       tm4c1237h6pm_startup_ccs.obj   12     620       0      
       main.obj                       260    0         0      
    +--+------------------------------+------+---------+---------+
       Total:                         272    620       0      
                                                              
    C:/ti/TivaWare_C_Series-2.1.4.178/driverlib/ccs/Debug/driverlib.lib
       sysctl.obj                     630    108       0      
       gpio.obj                       474    144       0      
       interrupt.obj                  120    112       0      
       timer.obj                      140    0         0      
       uart.obj                       122    0         0      
       cpu.obj                        12     0         0      
    +--+------------------------------+------+---------+---------+
       Total:                         1498   364       0      
                                                              
    C:\ti\ccs1250\ccs\tools\compiler\ti-cgt-arm_20.2.7.LTS\lib\rtsv7M4_T_le_v4SPD16_eabi.lib
       boot_cortex_m.c.obj            44     0         0      
       exit.c.obj                     4      0         0      
       pre_init.c.obj                 4      0         0      
    +--+------------------------------+------+---------+---------+
       Total:                         52     0         0      
                                                              
       Stack:                         0      0         512    
    +--+------------------------------+------+---------+---------+
       Grand Total:                   1822   984       512    


GLOBAL SYMBOLS: SORTED ALPHABETICALLY BY Name 

address   name                   
-------   ----                   
0000098d  C$$EXIT                
00000953  CPUcpsie               
00000899  GPIODirModeSet         
0000026d  GPIOPadConfigSet       
00000771  GPIOPinConfigure       
00000973  GPIOPinRead            
000008e5  GPIOPinTypeGPIOOutput  
00000911  GPIOPinTypeUART        
00000979  GPIOPinWrite           
000006a9  IntEnable              
00000935  IntMasterEnable        
0000095f  ResetISR               
000003a1  SysCtlClockGet         
000005b5  SysCtlClockSet         
0000097f  SysCtlDelay            
00000839  SysCtlPeripheralEnable 
00000801  SysCtlPeripheralReady  
00000523  Timer0IntHandler       
00000711  TimerConfigure         
00000945  TimerEnable            
00000985  TimerIntClear          
0000096b  TimerIntEnable         
00000923  TimerLoadSet           
000007b9  UARTConfigSetExpClk    
000008c5  UARTDisable            
000008fd  UARTEnable             
20000200  __STACK_END            
00000200  __STACK_SIZE           
20000200  __STACK_TOP            
ffffffff  __TI_pprof_out_hndl    
ffffffff  __TI_prof_data_size    
ffffffff  __TI_prof_data_start   
00000000  __TI_static_base__     
ffffffff  __binit__              
ffffffff  __c_args__             
UNDEFED   __mpu_init             
20000000  __stack                
20000000  __start___llvm_prf_cnts
20000000  __stop___llvm_prf_cnts 
0000086d  _c_int00_noinit_noargs 
00000989  _system_pre_init       
0000098d  abort                  
ffffffff  binit                  
00000000  g_pfnVectors           
000004b1  main                   
000004df  setupTimer0            
00000545  setupUART0             


GLOBAL SYMBOLS: SORTED BY Symbol Address 

address   name                   
-------   ----                   
00000000  __TI_static_base__     
00000000  g_pfnVectors           
00000200  __STACK_SIZE           
0000026d  GPIOPadConfigSet       
000003a1  SysCtlClockGet         
000004b1  main                   
000004df  setupTimer0            
00000523  Timer0IntHandler       
00000545  setupUART0             
000005b5  SysCtlClockSet         
000006a9  IntEnable              
00000711  TimerConfigure         
00000771  GPIOPinConfigure       
000007b9  UARTConfigSetExpClk    
00000801  SysCtlPeripheralReady  
00000839  SysCtlPeripheralEnable 
0000086d  _c_int00_noinit_noargs 
00000899  GPIODirModeSet         
000008c5  UARTDisable            
000008e5  GPIOPinTypeGPIOOutput  
000008fd  UARTEnable             
00000911  GPIOPinTypeUART        
00000923  TimerLoadSet           
00000935  IntMasterEnable        
00000945  TimerEnable            
00000953  CPUcpsie               
0000095f  ResetISR               
0000096b  TimerIntEnable         
00000973  GPIOPinRead            
00000979  GPIOPinWrite           
0000097f  SysCtlDelay            
00000985  TimerIntClear          
00000989  _system_pre_init       
0000098d  C$$EXIT                
0000098d  abort                  
20000000  __stack                
20000000  __start___llvm_prf_cnts
20000000  __stop___llvm_prf_cnts 
20000200  __STACK_END            
20000200  __STACK_TOP            
ffffffff  __TI_pprof_out_hndl    
ffffffff  __TI_prof_data_size    
ffffffff  __TI_prof_data_start   
ffffffff  __binit__              
ffffffff  __c_args__             
ffffffff  binit                  
UNDEFED   __mpu_init             

[47 symbols]
