******************************************************************************
                  TI ARM Linker PC v20.2.7                     
******************************************************************************
>> Linked Sat Oct 28 23:49:59 2023

OUTPUT FILE NAME:   <Lab8ED2.out>
ENTRY POINT SYMBOL: "_c_int00_noargs"  address: 0000073d


MEMORY CONFIGURATION

         name            origin    length      used     unused   attr    fill
----------------------  --------  ---------  --------  --------  ----  --------
  FLASH                 00000000   00040000  00000978  0003f688  R  X
  SRAM                  20000000   00008000  0000046c  00007b94  RW X


SEGMENT ALLOCATION MAP

run origin  load origin   length   init length attrs members
----------  ----------- ---------- ----------- ----- -------
00000000    00000000    0000097c   0000097c    r-x
  00000000    00000000    0000026c   0000026c    r-- .intvecs
  0000026c    0000026c    000005e8   000005e8    r-x .text
  00000854    00000854    00000110   00000110    r-- .const
  00000968    00000968    00000014   00000014    r-- .cinit
20000000    20000000    00000470   00000000    rw-
  20000000    20000000    0000026c   00000000    rw- .vtable
  20000270    20000270    00000200   00000000    rw- .stack


SECTION ALLOCATION MAP

 output                                  attributes/
section   page    origin      length       input sections
--------  ----  ----------  ----------   ----------------
.intvecs   0    00000000    0000026c     
                  00000000    0000026c     tm4c1237h6pm_startup_ccs.obj (.intvecs)

.text      0    0000026c    000005e8     
                  0000026c    00000132     driverlib.lib : gpio.obj (.text:GPIOPadConfigSet)
                  0000039e    00000002     --HOLE-- [fill = 0]
                  000003a0    000000f4                   : sysctl.obj (.text:SysCtlClockSet)
                  00000494    000000b0     main.obj (.text)
                  00000544    00000068     driverlib.lib : interrupt.obj (.text:IntEnable)
                  000005ac    00000060                   : timer.obj (.text:TimerConfigure)
                  0000060c    0000004c                   : timer.obj (.text:_TimerIntNumberGet)
                  00000658    00000044     rtsv7M4_T_le_v4SPD16_eabi.lib : autoinit.c.obj (.text:__TI_auto_init_nobinit_nopinit:__TI_auto_init_nobinit_nopinit)
                  0000069c    00000038     driverlib.lib : sysctl.obj (.text:SysCtlPeripheralReady)
                  000006d4    00000034                   : interrupt.obj (.text:IntRegister)
                  00000708    00000034                   : sysctl.obj (.text:SysCtlPeripheralEnable)
                  0000073c    00000034     rtsv7M4_T_le_v4SPD16_eabi.lib : boot_cortex_m.c.obj (.text:_c_int00_noargs:_c_int00_noargs)
                  00000770    0000002a     driverlib.lib : gpio.obj (.text:GPIODirModeSet)
                  0000079a    0000001c     rtsv7M4_T_le_v4SPD16_eabi.lib : copy_zero_init.c.obj (.text:decompress:ZI:__TI_zero_init_nomemset:__TI_zero_init_nomemset)
                  000007b6    00000018     driverlib.lib : gpio.obj (.text:GPIOPinTypeGPIOOutput)
                  000007ce    00000018                   : timer.obj (.text:TimerIntRegister)
                  000007e6    00000012                   : timer.obj (.text:TimerLoadSet)
                  000007f8    00000010                   : interrupt.obj (.text:IntMasterEnable)
                  00000808    0000000e                   : timer.obj (.text:TimerEnable)
                  00000816    0000000c                   : cpu.obj (.text:CPUcpsie)
                  00000822    0000000c     tm4c1237h6pm_startup_ccs.obj (.text)
                  0000082e    00000008     driverlib.lib : timer.obj (.text:TimerIntEnable)
                  00000836    00000006                   : gpio.obj (.text:GPIOPinRead)
                  0000083c    00000006                   : gpio.obj (.text:GPIOPinWrite)
                  00000842    00000006                   : sysctl.obj (.text:SysCtlDelay)
                  00000848    00000004                   : timer.obj (.text:TimerIntClear)
                  0000084c    00000004     rtsv7M4_T_le_v4SPD16_eabi.lib : pre_init.c.obj (.text:_system_pre_init)
                  00000850    00000004                                   : exit.c.obj (.text:abort:abort)

.const     0    00000854    00000110     
                  00000854    00000070     driverlib.lib : interrupt.obj (.const)
                  000008c4    00000060                   : timer.obj (.const:g_ppui32TimerIntMap)
                  00000924    00000040                   : timer.obj (.const:g_ppui32TimerIntMapSnowflake)

.cinit     0    00000968    00000014     
                  00000968    00000008     (.cinit..vtable.load) [load image, compression = zero_init]
                  00000970    00000004     (__TI_handler_table)
                  00000974    00000008     (__TI_cinit_table)

.init_array 
*          0    00000000    00000000     UNINITIALIZED

.vtable    0    20000000    0000026c     UNINITIALIZED
                  20000000    0000026c     driverlib.lib : interrupt.obj (.vtable)

.stack     0    20000270    00000200     UNINITIALIZED
                  20000270    00000004     rtsv7M4_T_le_v4SPD16_eabi.lib : boot_cortex_m.c.obj (.stack)
                  20000274    000001fc     --HOLE--

__llvm_prf_cnts 
*          0    20000000    00000000     UNINITIALIZED

MODULE SUMMARY

       Module                         code   ro data   rw data
       ------                         ----   -------   -------
    .\
       tm4c1237h6pm_startup_ccs.obj   12     620       0      
       main.obj                       176    0         0      
    +--+------------------------------+------+---------+---------+
       Total:                         188    620       0      
                                                              
    C:/ti/TivaWare_C_Series-2.1.4.178/driverlib/ccs/Debug/driverlib.lib
       interrupt.obj                  172    112       620    
       timer.obj                      240    160       0      
       gpio.obj                       384    0         0      
       sysctl.obj                     358    0         0      
       cpu.obj                        12     0         0      
    +--+------------------------------+------+---------+---------+
       Total:                         1166   272       620    
                                                              
    C:\ti\ccs1250\ccs\tools\compiler\ti-cgt-arm_20.2.7.LTS\lib\rtsv7M4_T_le_v4SPD16_eabi.lib
       autoinit.c.obj                 68     0         0      
       boot_cortex_m.c.obj            52     0         0      
       copy_zero_init.c.obj           28     0         0      
       exit.c.obj                     4      0         0      
       pre_init.c.obj                 4      0         0      
    +--+------------------------------+------+---------+---------+
       Total:                         156    0         0      
                                                              
       Stack:                         0      0         512    
       Linker Generated:              0      20        0      
    +--+------------------------------+------+---------+---------+
       Grand Total:                   1510   912       1132   


LINKER GENERATED COPY TABLES

__TI_cinit_table @ 00000974 records: 1, size/record: 8, table size: 8
	.vtable: load addr=00000968, load size=00000008 bytes, run addr=20000000, run size=0000026c bytes, compression=zero_init


LINKER GENERATED HANDLER TABLE

__TI_handler_table @ 00000970 records: 1, size/record: 4, table size: 4
	index: 0, handler: __TI_zero_init


GLOBAL SYMBOLS: SORTED ALPHABETICALLY BY Name 

address   name                          
-------   ----                          
00000851  C$$EXIT                       
00000817  CPUcpsie                      
00000771  GPIODirModeSet                
0000026d  GPIOPadConfigSet              
00000837  GPIOPinRead                   
000007b7  GPIOPinTypeGPIOOutput         
0000083d  GPIOPinWrite                  
00000545  IntEnable                     
000007f9  IntMasterEnable               
000006d5  IntRegister                   
00000823  ResetISR                      
000003a1  SysCtlClockSet                
00000843  SysCtlDelay                   
00000709  SysCtlPeripheralEnable        
0000069d  SysCtlPeripheralReady         
00000507  Timer0IntHandler              
000005ad  TimerConfigure                
00000809  TimerEnable                   
00000849  TimerIntClear                 
0000082f  TimerIntEnable                
000007cf  TimerIntRegister              
000007e7  TimerLoadSet                  
20000470  __STACK_END                   
00000200  __STACK_SIZE                  
20000470  __STACK_TOP                   
00000974  __TI_CINIT_Base               
0000097c  __TI_CINIT_Limit              
00000970  __TI_Handler_Table_Base       
00000974  __TI_Handler_Table_Limit      
00000659  __TI_auto_init_nobinit_nopinit
ffffffff  __TI_pprof_out_hndl           
ffffffff  __TI_prof_data_size           
ffffffff  __TI_prof_data_start          
00000000  __TI_static_base__            
0000079b  __TI_zero_init_nomemset       
ffffffff  __binit__                     
ffffffff  __c_args__                    
UNDEFED   __mpu_init                    
20000270  __stack                       
20000000  __start___llvm_prf_cnts       
20000000  __stop___llvm_prf_cnts        
0000073d  _c_int00_noargs               
UNDEFED   _system_post_cinit            
0000084d  _system_pre_init              
00000851  abort                         
ffffffff  binit                         
20000000  g_pfnRAMVectors               
00000000  g_pfnVectors                  
00000495  main                          
000004c5  setupTimer0                   


GLOBAL SYMBOLS: SORTED BY Symbol Address 

address   name                          
-------   ----                          
00000000  __TI_static_base__            
00000000  g_pfnVectors                  
00000200  __STACK_SIZE                  
0000026d  GPIOPadConfigSet              
000003a1  SysCtlClockSet                
00000495  main                          
000004c5  setupTimer0                   
00000507  Timer0IntHandler              
00000545  IntEnable                     
000005ad  TimerConfigure                
00000659  __TI_auto_init_nobinit_nopinit
0000069d  SysCtlPeripheralReady         
000006d5  IntRegister                   
00000709  SysCtlPeripheralEnable        
0000073d  _c_int00_noargs               
00000771  GPIODirModeSet                
0000079b  __TI_zero_init_nomemset       
000007b7  GPIOPinTypeGPIOOutput         
000007cf  TimerIntRegister              
000007e7  TimerLoadSet                  
000007f9  IntMasterEnable               
00000809  TimerEnable                   
00000817  CPUcpsie                      
00000823  ResetISR                      
0000082f  TimerIntEnable                
00000837  GPIOPinRead                   
0000083d  GPIOPinWrite                  
00000843  SysCtlDelay                   
00000849  TimerIntClear                 
0000084d  _system_pre_init              
00000851  C$$EXIT                       
00000851  abort                         
00000970  __TI_Handler_Table_Base       
00000974  __TI_CINIT_Base               
00000974  __TI_Handler_Table_Limit      
0000097c  __TI_CINIT_Limit              
20000000  __start___llvm_prf_cnts       
20000000  __stop___llvm_prf_cnts        
20000000  g_pfnRAMVectors               
20000270  __stack                       
20000470  __STACK_END                   
20000470  __STACK_TOP                   
ffffffff  __TI_pprof_out_hndl           
ffffffff  __TI_prof_data_size           
ffffffff  __TI_prof_data_start          
ffffffff  __binit__                     
ffffffff  __c_args__                    
ffffffff  binit                         
UNDEFED   __mpu_init                    
UNDEFED   _system_post_cinit            

[50 symbols]
